BEGIN:VCALENDAR
VERSION:2.0
PRODID:-//Calendario Pastoral//pastoral.jesuslab135.com//ES
CALSCALE:GREGORIAN
METHOD:PUBLISH
X-WR-CALNAME:Calendario Pastoral · Cristo de Los Álamos
BEGIN:VEVENT
UID:11111111-1111-4111-8111-111111111111@pastoral.jesuslab135.com
DTSTAMP:20260801T120000Z
DTSTART:20260815T180000Z
DTEND:20260815T193000Z
SUMMARY:Misa solemne de la Asunción
LOCATION:Templo parroquial
DESCRIPTION:Misa solemne\; el horario ordinario cambia.
SEQUENCE:1785585600
STATUS:CONFIRMED
END:VEVENT
BEGIN:VEVENT
UID:22222222-2222-4222-8222-222222222222@pastoral.jesuslab135.com
DTSTAMP:20260802T120000Z
DTSTART:20260812T013000Z
DTEND:20260812T030000Z
SUMMARY:Junta de pastoral\; sala 2
SEQUENCE:1785672000
STATUS:CANCELLED
END:VEVENT
END:VCALENDAR
